
Running 1 test using 1 worker

[fileHelper] Loaded 2 file(s) from: C:\Users\melvi\OneDrive\Desktop\playwright\tests\temp
  Γ£ÿ  1 [PRISM ΓÇô Chromium] ΓÇ║ tests\PRISM\test\verifyUploadedInvoices.spec.js:45:3 ΓÇ║ PRISM ΓÇô Full Application E2E Cycle ΓÇ║ TC01_Master ΓÇô Execute full Upload, Review, and Validation Flow (1.0m)
[fileHelper] Loaded 2 file(s) from: C:\Users\melvi\OneDrive\Desktop\playwright\tests\temp
  Γ£ÿ  2 [PRISM ΓÇô Chromium] ΓÇ║ tests\PRISM\test\verifyUploadedInvoices.spec.js:45:3 ΓÇ║ PRISM ΓÇô Full Application E2E Cycle ΓÇ║ TC01_Master ΓÇô Execute full Upload, Review, and Validation Flow (retry #1) (1.1m)
[fileHelper] Loaded 2 file(s) from: C:\Users\melvi\OneDrive\Desktop\playwright\tests\temp
  Γ£ÿ  3 [PRISM ΓÇô Chromium] ΓÇ║ tests\PRISM\test\verifyUploadedInvoices.spec.js:45:3 ΓÇ║ PRISM ΓÇô Full Application E2E Cycle ΓÇ║ TC01_Master ΓÇô Execute full Upload, Review, and Validation Flow (retry #2) (1.0m)


  1) [PRISM ΓÇô Chromium] ΓÇ║ tests\PRISM\test\verifyUploadedInvoices.spec.js:45:3 ΓÇ║ PRISM ΓÇô Full Application E2E Cycle ΓÇ║ TC01_Master ΓÇô Execute full Upload, Review, and Validation Flow 

    TimeoutError: locator.waitFor: Timeout 60000ms exceeded.
    Call log:
    [2m  - waiting for locator('button').filter({ hasText: /Upload|Submit|Process/i }).last() to be visible[22m


       at PRISM\pages\UploadInvoicePage.js:109

      107 |     // the frontend can take 10+ seconds to process them into the UI.
      108 |     // Extended to 60s to account for random environment lag.
    > 109 |     await this.uploadAndProcessButton.waitFor({ state: 'visible', timeout: 60_000 });
          |                                       ^
      110 |     await this.uploadAndProcessButton.click();
      111 |     
      112 |     // We do not wait for networkidle here, as the spec will wait for the specific 
        at UploadInvoicePage.clickUploadAndProcess (C:\Users\melvi\OneDrive\Desktop\playwright\tests\PRISM\pages\UploadInvoicePage.js:109:39)
        at C:\Users\melvi\OneDrive\Desktop\playwright\tests\PRISM\test\verifyUploadedInvoices.spec.js:63:22

    attachment #1: screenshot (image/png) ΓöÇΓöÇΓöÇΓöÇΓöÇΓöÇΓöÇΓöÇΓöÇΓöÇΓöÇΓöÇΓöÇΓöÇΓöÇΓöÇΓöÇΓöÇΓöÇΓöÇΓöÇΓöÇΓöÇΓöÇΓöÇΓöÇΓöÇΓöÇΓöÇΓöÇΓöÇΓöÇΓöÇΓöÇΓöÇΓöÇΓöÇΓöÇΓöÇΓöÇΓöÇΓöÇΓöÇΓöÇΓöÇΓöÇΓöÇΓöÇΓöÇΓöÇΓöÇΓöÇΓöÇΓöÇΓöÇΓöÇΓöÇΓöÇ
    test-results\PRISM-test-verifyUploadedI-ebbd6--Review-and-Validation-Flow-PRISM-ΓÇô-Chromium\test-failed-1.png
    ΓöÇΓöÇΓöÇΓöÇΓöÇΓöÇΓöÇΓöÇΓöÇΓöÇΓöÇΓöÇΓöÇΓöÇΓöÇΓöÇΓöÇΓöÇΓöÇΓöÇΓöÇΓöÇΓöÇΓöÇΓöÇΓöÇΓöÇΓöÇΓöÇΓöÇΓöÇΓöÇΓöÇΓöÇΓöÇΓöÇΓöÇΓöÇΓöÇΓöÇΓöÇΓöÇΓöÇΓöÇΓöÇΓöÇΓöÇΓöÇΓöÇΓöÇΓöÇΓöÇΓöÇΓöÇΓöÇΓöÇΓöÇΓöÇΓöÇΓöÇΓöÇΓöÇΓöÇΓöÇΓöÇΓöÇΓöÇΓöÇΓöÇΓöÇΓöÇΓöÇΓöÇΓöÇΓöÇΓöÇΓöÇΓöÇΓöÇΓöÇΓöÇΓöÇΓöÇΓöÇΓöÇΓöÇΓöÇΓöÇΓöÇΓöÇΓöÇΓöÇΓöÇΓöÇΓöÇΓöÇ

    Error Context: test-results\PRISM-test-verifyUploadedI-ebbd6--Review-and-Validation-Flow-PRISM-ΓÇô-Chromium\error-context.md

    Retry #1 ΓöÇΓöÇΓöÇΓöÇΓöÇΓöÇΓöÇΓöÇΓöÇΓöÇΓöÇΓöÇΓöÇΓöÇΓöÇΓöÇΓöÇΓöÇΓöÇΓöÇΓöÇΓöÇΓöÇΓöÇΓöÇΓöÇΓöÇΓöÇΓöÇΓöÇΓöÇΓöÇΓöÇΓöÇΓöÇΓöÇΓöÇΓöÇΓöÇΓöÇΓöÇΓöÇΓöÇΓöÇΓöÇΓöÇΓöÇΓöÇΓöÇΓöÇΓöÇΓöÇΓöÇΓöÇΓöÇΓöÇΓöÇΓöÇΓöÇΓöÇΓöÇΓöÇΓöÇΓöÇΓöÇΓöÇΓöÇΓöÇΓöÇΓöÇΓöÇΓöÇΓöÇΓöÇΓöÇΓöÇΓöÇΓöÇΓöÇΓöÇΓöÇΓöÇΓöÇΓöÇΓöÇΓöÇΓöÇ

    TimeoutError: locator.waitFor: Timeout 60000ms exceeded.
    Call log:
    [2m  - waiting for locator('button').filter({ hasText: /Upload|Submit|Process/i }).last() to be visible[22m


       at PRISM\pages\UploadInvoicePage.js:109

      107 |     // the frontend can take 10+ seconds to process them into the UI.
      108 |     // Extended to 60s to account for random environment lag.
    > 109 |     await this.uploadAndProcessButton.waitFor({ state: 'visible', timeout: 60_000 });
          |                                       ^
      110 |     await this.uploadAndProcessButton.click();
      111 |     
      112 |     // We do not wait for networkidle here, as the spec will wait for the specific 
        at UploadInvoicePage.clickUploadAndProcess (C:\Users\melvi\OneDrive\Desktop\playwright\tests\PRISM\pages\UploadInvoicePage.js:109:39)
        at C:\Users\melvi\OneDrive\Desktop\playwright\tests\PRISM\test\verifyUploadedInvoices.spec.js:63:22

    attachment #1: screenshot (image/png) ΓöÇΓöÇΓöÇΓöÇΓöÇΓöÇΓöÇΓöÇΓöÇΓöÇΓöÇΓöÇΓöÇΓöÇΓöÇΓöÇΓöÇΓöÇΓöÇΓöÇΓöÇΓöÇΓöÇΓöÇΓöÇΓöÇΓöÇΓöÇΓöÇΓöÇΓöÇΓöÇΓöÇΓöÇΓöÇΓöÇΓöÇΓöÇΓöÇΓöÇΓöÇΓöÇΓöÇΓöÇΓöÇΓöÇΓöÇΓöÇΓöÇΓöÇΓöÇΓöÇΓöÇΓöÇΓöÇΓöÇΓöÇΓöÇ
    test-results\PRISM-test-verifyUploadedI-ebbd6--Review-and-Validation-Flow-PRISM-ΓÇô-Chromium-retry1\test-failed-1.png
    ΓöÇΓöÇΓöÇΓöÇΓöÇΓöÇΓöÇΓöÇΓöÇΓöÇΓöÇΓöÇΓöÇΓöÇΓöÇΓöÇΓöÇΓöÇΓöÇΓöÇΓöÇΓöÇΓöÇΓöÇΓöÇΓöÇΓöÇΓöÇΓöÇΓöÇΓöÇΓöÇΓöÇΓöÇΓöÇΓöÇΓöÇΓöÇΓöÇΓöÇΓöÇΓöÇΓöÇΓöÇΓöÇΓöÇΓöÇΓöÇΓöÇΓöÇΓöÇΓöÇΓöÇΓöÇΓöÇΓöÇΓöÇΓöÇΓöÇΓöÇΓöÇΓöÇΓöÇΓöÇΓöÇΓöÇΓöÇΓöÇΓöÇΓöÇΓöÇΓöÇΓöÇΓöÇΓöÇΓöÇΓöÇΓöÇΓöÇΓöÇΓöÇΓöÇΓöÇΓöÇΓöÇΓöÇΓöÇΓöÇΓöÇΓöÇΓöÇΓöÇΓöÇΓöÇΓöÇΓöÇ

    attachment #2: video (video/webm) ΓöÇΓöÇΓöÇΓöÇΓöÇΓöÇΓöÇΓöÇΓöÇΓöÇΓöÇΓöÇΓöÇΓöÇΓöÇΓöÇΓöÇΓöÇΓöÇΓöÇΓöÇΓöÇΓöÇΓöÇΓöÇΓöÇΓöÇΓöÇΓöÇΓöÇΓöÇΓöÇΓöÇΓöÇΓöÇΓöÇΓöÇΓöÇΓöÇΓöÇΓöÇΓöÇΓöÇΓöÇΓöÇΓöÇΓöÇΓöÇΓöÇΓöÇΓöÇΓöÇΓöÇΓöÇΓöÇΓöÇΓöÇΓöÇΓöÇΓöÇΓöÇΓöÇ
    test-results\PRISM-test-verifyUploadedI-ebbd6--Review-and-Validation-Flow-PRISM-ΓÇô-Chromium-retry1\video.webm
    ΓöÇΓöÇΓöÇΓöÇΓöÇΓöÇΓöÇΓöÇΓöÇΓöÇΓöÇΓöÇΓöÇΓöÇΓöÇΓöÇΓöÇΓöÇΓöÇΓöÇΓöÇΓöÇΓöÇΓöÇΓöÇΓöÇΓöÇΓöÇΓöÇΓöÇΓöÇΓöÇΓöÇΓöÇΓöÇΓöÇΓöÇΓöÇΓöÇΓöÇΓöÇΓöÇΓöÇΓöÇΓöÇΓöÇΓöÇΓöÇΓöÇΓöÇΓöÇΓöÇΓöÇΓöÇΓöÇΓöÇΓöÇΓöÇΓöÇΓöÇΓöÇΓöÇΓöÇΓöÇΓöÇΓöÇΓöÇΓöÇΓöÇΓöÇΓöÇΓöÇΓöÇΓöÇΓöÇΓöÇΓöÇΓöÇΓöÇΓöÇΓöÇΓöÇΓöÇΓöÇΓöÇΓöÇΓöÇΓöÇΓöÇΓöÇΓöÇΓöÇΓöÇΓöÇΓöÇΓöÇ

    Error Context: test-results\PRISM-test-verifyUploadedI-ebbd6--Review-and-Validation-Flow-PRISM-ΓÇô-Chromium-retry1\error-context.md

    attachment #4: trace (application/zip) ΓöÇΓöÇΓöÇΓöÇΓöÇΓöÇΓöÇΓöÇΓöÇΓöÇΓöÇΓöÇΓöÇΓöÇΓöÇΓöÇΓöÇΓöÇΓöÇΓöÇΓöÇΓöÇΓöÇΓöÇΓöÇΓöÇΓöÇΓöÇΓöÇΓöÇΓöÇΓöÇΓöÇΓöÇΓöÇΓöÇΓöÇΓöÇΓöÇΓöÇΓöÇΓöÇΓöÇΓöÇΓöÇΓöÇΓöÇΓöÇΓöÇΓöÇΓöÇΓöÇΓöÇΓöÇΓöÇΓöÇΓöÇ
    test-results\PRISM-test-verifyUploadedI-ebbd6--Review-and-Validation-Flow-PRISM-ΓÇô-Chromium-retry1\trace.zip
    Usage:

        npx playwright show-trace test-results\PRISM-test-verifyUploadedI-ebbd6--Review-and-Validation-Flow-PRISM-ΓÇô-Chromium-retry1\trace.zip

    ΓöÇΓöÇΓöÇΓöÇΓöÇΓöÇΓöÇΓöÇΓöÇΓöÇΓöÇΓöÇΓöÇΓöÇΓöÇΓöÇΓöÇΓöÇΓöÇΓöÇΓöÇΓöÇΓöÇΓöÇΓöÇΓöÇΓöÇΓöÇΓöÇΓöÇΓöÇΓöÇΓöÇΓöÇΓöÇΓöÇΓöÇΓöÇΓöÇΓöÇΓöÇΓöÇΓöÇΓöÇΓöÇΓöÇΓöÇΓöÇΓöÇΓöÇΓöÇΓöÇΓöÇΓöÇΓöÇΓöÇΓöÇΓöÇΓöÇΓöÇΓöÇΓöÇΓöÇΓöÇΓöÇΓöÇΓöÇΓöÇΓöÇΓöÇΓöÇΓöÇΓöÇΓöÇΓöÇΓöÇΓöÇΓöÇΓöÇΓöÇΓöÇΓöÇΓöÇΓöÇΓöÇΓöÇΓöÇΓöÇΓöÇΓöÇΓöÇΓöÇΓöÇΓöÇΓöÇΓöÇ

    Retry #2 ΓöÇΓöÇΓöÇΓöÇΓöÇΓöÇΓöÇΓöÇΓöÇΓöÇΓöÇΓöÇΓöÇΓöÇΓöÇΓöÇΓöÇΓöÇΓöÇΓöÇΓöÇΓöÇΓöÇΓöÇΓöÇΓöÇΓöÇΓöÇΓöÇΓöÇΓöÇΓöÇΓöÇΓöÇΓöÇΓöÇΓöÇΓöÇΓöÇΓöÇΓöÇΓöÇΓöÇΓöÇΓöÇΓöÇΓöÇΓöÇΓöÇΓöÇΓöÇΓöÇΓöÇΓöÇΓöÇΓöÇΓöÇΓöÇΓöÇΓöÇΓöÇΓöÇΓöÇΓöÇΓöÇΓöÇΓöÇΓöÇΓöÇΓöÇΓöÇΓöÇΓöÇΓöÇΓöÇΓöÇΓöÇΓöÇΓöÇΓöÇΓöÇΓöÇΓöÇΓöÇΓöÇΓöÇΓöÇ

    TimeoutError: locator.waitFor: Timeout 60000ms exceeded.
    Call log:
    [2m  - waiting for locator('button').filter({ hasText: /Upload|Submit|Process/i }).last() to be visible[22m


       at PRISM\pages\UploadInvoicePage.js:109

      107 |     // the frontend can take 10+ seconds to process them into the UI.
      108 |     // Extended to 60s to account for random environment lag.
    > 109 |     await this.uploadAndProcessButton.waitFor({ state: 'visible', timeout: 60_000 });
          |                                       ^
      110 |     await this.uploadAndProcessButton.click();
      111 |     
      112 |     // We do not wait for networkidle here, as the spec will wait for the specific 
        at UploadInvoicePage.clickUploadAndProcess (C:\Users\melvi\OneDrive\Desktop\playwright\tests\PRISM\pages\UploadInvoicePage.js:109:39)
        at C:\Users\melvi\OneDrive\Desktop\playwright\tests\PRISM\test\verifyUploadedInvoices.spec.js:63:22

    attachment #1: screenshot (image/png) ΓöÇΓöÇΓöÇΓöÇΓöÇΓöÇΓöÇΓöÇΓöÇΓöÇΓöÇΓöÇΓöÇΓöÇΓöÇΓöÇΓöÇΓöÇΓöÇΓöÇΓöÇΓöÇΓöÇΓöÇΓöÇΓöÇΓöÇΓöÇΓöÇΓöÇΓöÇΓöÇΓöÇΓöÇΓöÇΓöÇΓöÇΓöÇΓöÇΓöÇΓöÇΓöÇΓöÇΓöÇΓöÇΓöÇΓöÇΓöÇΓöÇΓöÇΓöÇΓöÇΓöÇΓöÇΓöÇΓöÇΓöÇΓöÇ
    test-results\PRISM-test-verifyUploadedI-ebbd6--Review-and-Validation-Flow-PRISM-ΓÇô-Chromium-retry2\test-failed-1.png
    ΓöÇΓöÇΓöÇΓöÇΓöÇΓöÇΓöÇΓöÇΓöÇΓöÇΓöÇΓöÇΓöÇΓöÇΓöÇΓöÇΓöÇΓöÇΓöÇΓöÇΓöÇΓöÇΓöÇΓöÇΓöÇΓöÇΓöÇΓöÇΓöÇΓöÇΓöÇΓöÇΓöÇΓöÇΓöÇΓöÇΓöÇΓöÇΓöÇΓöÇΓöÇΓöÇΓöÇΓöÇΓöÇΓöÇΓöÇΓöÇΓöÇΓöÇΓöÇΓöÇΓöÇΓöÇΓöÇΓöÇΓöÇΓöÇΓöÇΓöÇΓöÇΓöÇΓöÇΓöÇΓöÇΓöÇΓöÇΓöÇΓöÇΓöÇΓöÇΓöÇΓöÇΓöÇΓöÇΓöÇΓöÇΓöÇΓöÇΓöÇΓöÇΓöÇΓöÇΓöÇΓöÇΓöÇΓöÇΓöÇΓöÇΓöÇΓöÇΓöÇΓöÇΓöÇΓöÇΓöÇ

    Error Context: test-results\PRISM-test-verifyUploadedI-ebbd6--Review-and-Validation-Flow-PRISM-ΓÇô-Chromium-retry2\error-context.md

  1 failed
    [PRISM ΓÇô Chromium] ΓÇ║ tests\PRISM\test\verifyUploadedInvoices.spec.js:45:3 ΓÇ║ PRISM ΓÇô Full Application E2E Cycle ΓÇ║ TC01_Master ΓÇô Execute full Upload, Review, and Validation Flow 
